// Jest Snapshot v1, https://goo.gl/fbAQLP

exports[`TreeSelect.multiple renders clear button 1`] = `null`;
